INFO:root:打印信息
ERROR:root:出现了错误
WARNING:root:警告信息
INFO:打印信息
ERROR:出现了错误
WARNING:警告信息
2018-02-14 22:30:37,010 INFO:打印信息
2018-02-14 22:30:37,011 ERROR:出现了错误
2018-02-14 22:30:37,011 WARNING:警告信息
